<?xml version="1.0" encoding="utf-8"?><testsuites><testsuite errors="0" failures="0" hostname="bibigrid-master-jdzmrjtottq9ctr" name="pytest" skipped="0" tests="0" time="2.227" timestamp="2021-05-19T13:02:31.531111" /></testsuites>